mode: set
github.com/doanvuduy170921/quick-link/internal/url/delivery/http/handler.go:14.57,18.2 1 1
github.com/doanvuduy170921/quick-link/internal/url/delivery/http/handler.go:20.49,22.49 2 1
github.com/doanvuduy170921/quick-link/internal/url/delivery/http/handler.go:22.49,25.3 2 1
github.com/doanvuduy170921/quick-link/internal/url/delivery/http/handler.go:27.2,28.16 2 1
github.com/doanvuduy170921/quick-link/internal/url/delivery/http/handler.go:28.16,31.3 2 1
github.com/doanvuduy170921/quick-link/internal/url/delivery/http/handler.go:32.2,35.4 1 1
github.com/doanvuduy170921/quick-link/internal/url/delivery/http/handler.go:38.47,42.16 3 1
github.com/doanvuduy170921/quick-link/internal/url/delivery/http/handler.go:42.16,45.3 2 1
github.com/doanvuduy170921/quick-link/internal/url/delivery/http/handler.go:47.2,47.35 1 1
github.com/doanvuduy170921/quick-link/internal/url/error/errors.go:25.35,27.2 1 1
github.com/doanvuduy170921/quick-link/internal/url/error/errors.go:29.35,31.2 1 1
github.com/doanvuduy170921/quick-link/internal/url/error/errors.go:34.60,40.2 1 1
github.com/doanvuduy170921/quick-link/internal/url/error/errors.go:42.51,48.2 1 1
github.com/doanvuduy170921/quick-link/internal/url/error/errors.go:50.60,56.2 1 1
github.com/doanvuduy170921/quick-link/internal/url/error/errors.go:58.46,60.29 2 1
github.com/doanvuduy170921/quick-link/internal/url/error/errors.go:60.29,61.22 1 1
github.com/doanvuduy170921/quick-link/internal/url/error/errors.go:62.22,64.10 2 1
github.com/doanvuduy170921/quick-link/internal/url/error/errors.go:65.20,67.10 2 1
github.com/doanvuduy170921/quick-link/internal/url/error/errors.go:68.20,71.10 3 1
github.com/doanvuduy170921/quick-link/internal/url/error/errors.go:72.11,75.10 3 1
github.com/doanvuduy170921/quick-link/internal/url/error/errors.go:77.8,81.3 3 1
github.com/doanvuduy170921/quick-link/cmd/api/main.go:11.13,13.40 1 0
github.com/doanvuduy170921/quick-link/cmd/api/main.go:13.40,15.3 1 0
github.com/doanvuduy170921/quick-link/cmd/api/main.go:18.13,21.16 2 0
github.com/doanvuduy170921/quick-link/cmd/api/main.go:21.16,23.3 1 0
github.com/doanvuduy170921/quick-link/cmd/api/main.go:25.2,26.16 2 0
github.com/doanvuduy170921/quick-link/cmd/api/main.go:26.16,28.3 1 0
github.com/doanvuduy170921/quick-link/cmd/api/main.go:30.2,32.49 2 0
github.com/doanvuduy170921/quick-link/cmd/api/main.go:32.49,34.3 1 0
github.com/doanvuduy170921/quick-link/configs/configs.go:50.42,55.2 1 0
github.com/doanvuduy170921/quick-link/configs/configs.go:57.36,59.55 2 0
github.com/doanvuduy170921/quick-link/configs/configs.go:59.55,61.3 1 0
github.com/doanvuduy170921/quick-link/configs/configs.go:62.2,62.21 1 0
github.com/doanvuduy170921/quick-link/internal/api/engine.go:20.103,27.2 3 0
github.com/doanvuduy170921/quick-link/internal/api/engine.go:29.68,31.2 1 0
github.com/doanvuduy170921/quick-link/internal/api/engine.go:33.82,40.2 5 0
github.com/doanvuduy170921/quick-link/internal/url/usecase/usecase.go:33.90,38.2 1 1
github.com/doanvuduy170921/quick-link/internal/url/usecase/usecase.go:40.80,41.15 1 1
github.com/doanvuduy170921/quick-link/internal/url/usecase/usecase.go:41.15,43.3 1 1
github.com/doanvuduy170921/quick-link/internal/url/usecase/usecase.go:45.2,51.32 3 1
github.com/doanvuduy170921/quick-link/internal/url/usecase/usecase.go:51.32,53.17 2 1
github.com/doanvuduy170921/quick-link/internal/url/usecase/usecase.go:53.17,55.4 1 0
github.com/doanvuduy170921/quick-link/internal/url/usecase/usecase.go:57.3,62.17 2 1
github.com/doanvuduy170921/quick-link/internal/url/usecase/usecase.go:62.17,64.9 2 1
github.com/doanvuduy170921/quick-link/internal/url/usecase/usecase.go:66.3,66.29 1 1
github.com/doanvuduy170921/quick-link/internal/url/usecase/usecase.go:66.29,67.12 1 1
github.com/doanvuduy170921/quick-link/internal/url/usecase/usecase.go:69.3,69.62 1 1
github.com/doanvuduy170921/quick-link/internal/url/usecase/usecase.go:71.2,71.15 1 1
github.com/doanvuduy170921/quick-link/internal/url/usecase/usecase.go:71.15,73.3 1 1
github.com/doanvuduy170921/quick-link/internal/url/usecase/usecase.go:75.2,76.26 2 1
github.com/doanvuduy170921/quick-link/internal/url/usecase/usecase.go:76.26,78.3 1 0
github.com/doanvuduy170921/quick-link/internal/url/usecase/usecase.go:79.2,79.68 1 1
github.com/doanvuduy170921/quick-link/internal/url/usecase/usecase.go:79.68,81.3 1 1
github.com/doanvuduy170921/quick-link/internal/url/usecase/usecase.go:82.2,82.17 1 1
github.com/doanvuduy170921/quick-link/internal/url/usecase/usecase.go:85.78,86.16 1 1
github.com/doanvuduy170921/quick-link/internal/url/usecase/usecase.go:86.16,88.3 1 1
github.com/doanvuduy170921/quick-link/internal/url/usecase/usecase.go:90.2,91.29 2 1
github.com/doanvuduy170921/quick-link/internal/url/usecase/usecase.go:91.29,93.3 1 1
github.com/doanvuduy170921/quick-link/internal/url/usecase/usecase.go:95.2,96.16 2 1
github.com/doanvuduy170921/quick-link/internal/url/usecase/usecase.go:96.16,97.36 1 1
github.com/doanvuduy170921/quick-link/internal/url/usecase/usecase.go:97.36,99.4 1 1
github.com/doanvuduy170921/quick-link/internal/url/usecase/usecase.go:100.3,100.68 1 0
github.com/doanvuduy170921/quick-link/internal/url/usecase/usecase.go:103.2,104.28 2 1
github.com/doanvuduy170921/quick-link/internal/url/usecase/usecase.go:104.28,106.15 2 1
github.com/doanvuduy170921/quick-link/internal/url/usecase/usecase.go:106.15,108.4 1 1
github.com/doanvuduy170921/quick-link/internal/url/usecase/usecase.go:111.2,111.71 1 1
github.com/doanvuduy170921/quick-link/internal/url/usecase/usecase.go:111.71,113.3 1 1
github.com/doanvuduy170921/quick-link/internal/url/usecase/usecase.go:114.2,114.31 1 1
github.com/doanvuduy170921/quick-link/internal/url/usecase/usecase.go:117.40,120.2 2 1
github.com/doanvuduy170921/quick-link/pkg/utils/random.go:10.52,14.30 3 1
github.com/doanvuduy170921/quick-link/pkg/utils/random.go:14.30,16.17 2 1
github.com/doanvuduy170921/quick-link/pkg/utils/random.go:16.17,18.4 1 0
github.com/doanvuduy170921/quick-link/pkg/utils/random.go:19.3,19.37 1 1
github.com/doanvuduy170921/quick-link/pkg/utils/random.go:22.2,22.23 1 1
github.com/doanvuduy170921/quick-link/internal/container/container.go:21.51,25.38 2 0
github.com/doanvuduy170921/quick-link/internal/container/container.go:25.38,27.3 1 0
github.com/doanvuduy170921/quick-link/internal/container/container.go:30.2,30.41 1 0
github.com/doanvuduy170921/quick-link/internal/container/container.go:30.41,33.3 2 0
github.com/doanvuduy170921/quick-link/internal/container/container.go:35.2,35.15 1 0
github.com/doanvuduy170921/quick-link/internal/container/container.go:38.39,42.43 4 0
github.com/doanvuduy170921/quick-link/internal/container/container.go:42.43,44.3 1 0
github.com/doanvuduy170921/quick-link/internal/container/container.go:45.2,46.12 2 0
github.com/doanvuduy170921/quick-link/internal/container/container.go:49.42,51.16 2 0
github.com/doanvuduy170921/quick-link/internal/container/container.go:51.16,53.3 1 0
github.com/doanvuduy170921/quick-link/internal/container/container.go:54.2,58.16 5 0
github.com/doanvuduy170921/quick-link/internal/container/container.go:58.16,60.3 1 0
github.com/doanvuduy170921/quick-link/internal/container/container.go:63.2,66.39 3 0
github.com/doanvuduy170921/quick-link/internal/container/container.go:66.39,68.3 1 0
github.com/doanvuduy170921/quick-link/internal/container/container.go:70.2,72.12 3 0
github.com/doanvuduy170921/quick-link/internal/container/container.go:75.35,77.20 2 0
github.com/doanvuduy170921/quick-link/internal/container/container.go:77.20,78.41 1 0
github.com/doanvuduy170921/quick-link/internal/container/container.go:78.41,80.4 1 0
github.com/doanvuduy170921/quick-link/internal/container/container.go:82.2,82.22 1 0
github.com/doanvuduy170921/quick-link/internal/container/container.go:82.22,85.3 1 0
github.com/doanvuduy170921/quick-link/internal/container/container.go:86.2,86.13 1 0
github.com/doanvuduy170921/quick-link/internal/url/repository/url_repository.go:13.52,17.2 1 0
github.com/doanvuduy170921/quick-link/internal/url/repository/url_repository.go:23.96,25.2 1 0
github.com/doanvuduy170921/quick-link/internal/url/repository/url_repository.go:27.131,29.2 1 0
github.com/doanvuduy170921/quick-link/internal/infrastructure/db/sqlc/db.go:20.28,22.2 1 0
github.com/doanvuduy170921/quick-link/internal/infrastructure/db/sqlc/db.go:28.46,32.2 1 0
github.com/doanvuduy170921/quick-link/internal/infrastructure/db/sqlc/urls.sql.go:27.84,38.2 4 0
github.com/doanvuduy170921/quick-link/internal/infrastructure/db/sqlc/urls.sql.go:52.122,57.2 4 0
github.com/doanvuduy170921/quick-link/internal/boot/server.go:17.69,29.12 4 0
github.com/doanvuduy170921/quick-link/internal/boot/server.go:29.12,30.87 1 0
github.com/doanvuduy170921/quick-link/internal/boot/server.go:30.87,32.4 1 0
github.com/doanvuduy170921/quick-link/internal/boot/server.go:35.2,38.9 3 0
github.com/doanvuduy170921/quick-link/internal/boot/server.go:39.24,40.45 1 0
github.com/doanvuduy170921/quick-link/internal/boot/server.go:41.20,42.34 1 0
github.com/doanvuduy170921/quick-link/internal/boot/server.go:44.2,46.34 3 0
github.com/doanvuduy170921/quick-link/internal/mocks/mock_RedisClient.go:22.63,24.2 1 0
github.com/doanvuduy170921/quick-link/internal/mocks/mock_RedisClient.go:27.42,30.19 2 0
github.com/doanvuduy170921/quick-link/internal/mocks/mock_RedisClient.go:30.19,31.47 1 0
github.com/doanvuduy170921/quick-link/internal/mocks/mock_RedisClient.go:34.2,35.45 2 0
github.com/doanvuduy170921/quick-link/internal/mocks/mock_RedisClient.go:35.45,37.3 1 0
github.com/doanvuduy170921/quick-link/internal/mocks/mock_RedisClient.go:37.8,39.3 1 0
github.com/doanvuduy170921/quick-link/internal/mocks/mock_RedisClient.go:41.2,41.11 1 0
github.com/doanvuduy170921/quick-link/internal/mocks/mock_RedisClient.go:50.73,52.2 1 0
github.com/doanvuduy170921/quick-link/internal/mocks/mock_RedisClient.go:54.83,55.40 1 0
github.com/doanvuduy170921/quick-link/internal/mocks/mock_RedisClient.go:55.40,57.3 1 0
github.com/doanvuduy170921/quick-link/internal/mocks/mock_RedisClient.go:58.2,58.11 1 0
github.com/doanvuduy170921/quick-link/internal/mocks/mock_RedisClient.go:61.85,64.2 2 0
github.com/doanvuduy170921/quick-link/internal/mocks/mock_RedisClient.go:66.98,69.2 2 0
github.com/doanvuduy170921/quick-link/internal/mocks/mock_RedisClient.go:72.81,75.19 2 0
github.com/doanvuduy170921/quick-link/internal/mocks/mock_RedisClient.go:75.19,76.45 1 0
github.com/doanvuduy170921/quick-link/internal/mocks/mock_RedisClient.go:79.2,81.78 3 0
github.com/doanvuduy170921/quick-link/internal/mocks/mock_RedisClient.go:81.78,83.3 1 0
github.com/doanvuduy170921/quick-link/internal/mocks/mock_RedisClient.go:84.2,84.69 1 0
github.com/doanvuduy170921/quick-link/internal/mocks/mock_RedisClient.go:84.69,86.3 1 0
github.com/doanvuduy170921/quick-link/internal/mocks/mock_RedisClient.go:86.8,88.3 1 0
github.com/doanvuduy170921/quick-link/internal/mocks/mock_RedisClient.go:90.2,90.68 1 0
github.com/doanvuduy170921/quick-link/internal/mocks/mock_RedisClient.go:90.68,92.3 1 0
github.com/doanvuduy170921/quick-link/internal/mocks/mock_RedisClient.go:92.8,94.3 1 0
github.com/doanvuduy170921/quick-link/internal/mocks/mock_RedisClient.go:96.2,96.15 1 0
github.com/doanvuduy170921/quick-link/internal/mocks/mock_RedisClient.go:107.101,109.2 1 0
github.com/doanvuduy170921/quick-link/internal/mocks/mock_RedisClient.go:111.110,112.40 1 0
github.com/doanvuduy170921/quick-link/internal/mocks/mock_RedisClient.go:112.40,114.3 1 0
github.com/doanvuduy170921/quick-link/internal/mocks/mock_RedisClient.go:115.2,115.11 1 0
github.com/doanvuduy170921/quick-link/internal/mocks/mock_RedisClient.go:118.93,121.2 2 0
github.com/doanvuduy170921/quick-link/internal/mocks/mock_RedisClient.go:123.127,126.2 2 0
github.com/doanvuduy170921/quick-link/internal/mocks/mock_RedisClient.go:129.60,132.19 2 0
github.com/doanvuduy170921/quick-link/internal/mocks/mock_RedisClient.go:132.19,133.46 1 0
github.com/doanvuduy170921/quick-link/internal/mocks/mock_RedisClient.go:136.2,137.60 2 0
github.com/doanvuduy170921/quick-link/internal/mocks/mock_RedisClient.go:137.60,139.3 1 0
github.com/doanvuduy170921/quick-link/internal/mocks/mock_RedisClient.go:139.8,141.3 1 0
github.com/doanvuduy170921/quick-link/internal/mocks/mock_RedisClient.go:143.2,143.11 1 0
github.com/doanvuduy170921/quick-link/internal/mocks/mock_RedisClient.go:153.86,155.2 1 0
github.com/doanvuduy170921/quick-link/internal/mocks/mock_RedisClient.go:157.100,158.40 1 0
github.com/doanvuduy170921/quick-link/internal/mocks/mock_RedisClient.go:158.40,160.3 1 0
github.com/doanvuduy170921/quick-link/internal/mocks/mock_RedisClient.go:161.2,161.11 1 0
github.com/doanvuduy170921/quick-link/internal/mocks/mock_RedisClient.go:164.83,167.2 2 0
github.com/doanvuduy170921/quick-link/internal/mocks/mock_RedisClient.go:169.111,172.2 2 0
github.com/doanvuduy170921/quick-link/internal/mocks/mock_RedisClient.go:175.116,178.19 2 0
github.com/doanvuduy170921/quick-link/internal/mocks/mock_RedisClient.go:178.19,179.45 1 0
github.com/doanvuduy170921/quick-link/internal/mocks/mock_RedisClient.go:182.2,183.96 2 0
github.com/doanvuduy170921/quick-link/internal/mocks/mock_RedisClient.go:183.96,185.3 1 0
github.com/doanvuduy170921/quick-link/internal/mocks/mock_RedisClient.go:185.8,187.3 1 0
github.com/doanvuduy170921/quick-link/internal/mocks/mock_RedisClient.go:189.2,189.11 1 0
github.com/doanvuduy170921/quick-link/internal/mocks/mock_RedisClient.go:202.144,204.2 1 0
github.com/doanvuduy170921/quick-link/internal/mocks/mock_RedisClient.go:206.155,207.40 1 0
github.com/doanvuduy170921/quick-link/internal/mocks/mock_RedisClient.go:207.40,209.3 1 0
github.com/doanvuduy170921/quick-link/internal/mocks/mock_RedisClient.go:210.2,210.11 1 0
github.com/doanvuduy170921/quick-link/internal/mocks/mock_RedisClient.go:213.81,216.2 2 0
github.com/doanvuduy170921/quick-link/internal/mocks/mock_RedisClient.go:218.145,221.2 2 0
github.com/doanvuduy170921/quick-link/internal/mocks/mock_RedisClient.go:228.21,232.19 3 0
github.com/doanvuduy170921/quick-link/internal/mocks/mock_RedisClient.go:232.19,232.49 1 0
github.com/doanvuduy170921/quick-link/internal/mocks/mock_RedisClient.go:234.2,234.13 1 0
github.com/doanvuduy170921/quick-link/internal/mocks/mock_UrlRepository.go:21.67,23.2 1 0
github.com/doanvuduy170921/quick-link/internal/mocks/mock_UrlRepository.go:26.101,29.19 2 0
github.com/doanvuduy170921/quick-link/internal/mocks/mock_UrlRepository.go:29.19,30.51 1 0
github.com/doanvuduy170921/quick-link/internal/mocks/mock_UrlRepository.go:33.2,35.90 3 0
github.com/doanvuduy170921/quick-link/internal/mocks/mock_UrlRepository.go:35.90,37.3 1 0
github.com/doanvuduy170921/quick-link/internal/mocks/mock_UrlRepository.go:38.2,38.81 1 0
github.com/doanvuduy170921/quick-link/internal/mocks/mock_UrlRepository.go:38.81,40.3 1 0
github.com/doanvuduy170921/quick-link/internal/mocks/mock_UrlRepository.go:40.8,42.3 1 0
github.com/doanvuduy170921/quick-link/internal/mocks/mock_UrlRepository.go:44.2,44.80 1 0
github.com/doanvuduy170921/quick-link/internal/mocks/mock_UrlRepository.go:44.80,46.3 1 0
github.com/doanvuduy170921/quick-link/internal/mocks/mock_UrlRepository.go:46.8,48.3 1 0
github.com/doanvuduy170921/quick-link/internal/mocks/mock_UrlRepository.go:50.2,50.15 1 0
github.com/doanvuduy170921/quick-link/internal/mocks/mock_UrlRepository.go:61.117,63.2 1 0
github.com/doanvuduy170921/quick-link/internal/mocks/mock_UrlRepository.go:65.138,66.40 1 0
github.com/doanvuduy170921/quick-link/internal/mocks/mock_UrlRepository.go:66.40,68.3 1 0
github.com/doanvuduy170921/quick-link/internal/mocks/mock_UrlRepository.go:69.2,69.11 1 0
github.com/doanvuduy170921/quick-link/internal/mocks/mock_UrlRepository.go:72.109,75.2 2 0
github.com/doanvuduy170921/quick-link/internal/mocks/mock_UrlRepository.go:77.155,80.2 2 0
github.com/doanvuduy170921/quick-link/internal/mocks/mock_UrlRepository.go:83.136,86.19 2 0
github.com/doanvuduy170921/quick-link/internal/mocks/mock_UrlRepository.go:86.19,87.67 1 0
github.com/doanvuduy170921/quick-link/internal/mocks/mock_UrlRepository.go:90.2,92.103 3 0
github.com/doanvuduy170921/quick-link/internal/mocks/mock_UrlRepository.go:92.103,94.3 1 0
github.com/doanvuduy170921/quick-link/internal/mocks/mock_UrlRepository.go:95.2,95.94 1 0
github.com/doanvuduy170921/quick-link/internal/mocks/mock_UrlRepository.go:95.94,97.3 1 0
github.com/doanvuduy170921/quick-link/internal/mocks/mock_UrlRepository.go:97.8,99.3 1 0
github.com/doanvuduy170921/quick-link/internal/mocks/mock_UrlRepository.go:101.2,101.68 1 0
github.com/doanvuduy170921/quick-link/internal/mocks/mock_UrlRepository.go:101.68,103.3 1 0
github.com/doanvuduy170921/quick-link/internal/mocks/mock_UrlRepository.go:103.8,105.3 1 0
github.com/doanvuduy170921/quick-link/internal/mocks/mock_UrlRepository.go:107.2,107.15 1 0
github.com/doanvuduy170921/quick-link/internal/mocks/mock_UrlRepository.go:118.155,120.2 1 0
github.com/doanvuduy170921/quick-link/internal/mocks/mock_UrlRepository.go:122.164,123.40 1 0
github.com/doanvuduy170921/quick-link/internal/mocks/mock_UrlRepository.go:123.40,125.3 1 0
github.com/doanvuduy170921/quick-link/internal/mocks/mock_UrlRepository.go:126.2,126.11 1 0
github.com/doanvuduy170921/quick-link/internal/mocks/mock_UrlRepository.go:129.166,132.2 2 0
github.com/doanvuduy170921/quick-link/internal/mocks/mock_UrlRepository.go:134.200,137.2 2 0
github.com/doanvuduy170921/quick-link/internal/mocks/mock_UrlRepository.go:144.23,148.19 3 0
github.com/doanvuduy170921/quick-link/internal/mocks/mock_UrlRepository.go:148.19,148.49 1 0
github.com/doanvuduy170921/quick-link/internal/mocks/mock_UrlRepository.go:150.2,150.13 1 0
github.com/doanvuduy170921/quick-link/internal/mocks/mock_UseCase.go:20.55,22.2 1 0
github.com/doanvuduy170921/quick-link/internal/mocks/mock_UseCase.go:25.85,28.19 2 0
github.com/doanvuduy170921/quick-link/internal/mocks/mock_UseCase.go:28.19,29.53 1 0
github.com/doanvuduy170921/quick-link/internal/mocks/mock_UseCase.go:32.2,34.78 3 0
github.com/doanvuduy170921/quick-link/internal/mocks/mock_UseCase.go:34.78,36.3 1 0
github.com/doanvuduy170921/quick-link/internal/mocks/mock_UseCase.go:37.2,37.69 1 0
github.com/doanvuduy170921/quick-link/internal/mocks/mock_UseCase.go:37.69,39.3 1 0
github.com/doanvuduy170921/quick-link/internal/mocks/mock_UseCase.go:39.8,41.3 1 0
github.com/doanvuduy170921/quick-link/internal/mocks/mock_UseCase.go:43.2,43.68 1 0
github.com/doanvuduy170921/quick-link/internal/mocks/mock_UseCase.go:43.68,45.3 1 0
github.com/doanvuduy170921/quick-link/internal/mocks/mock_UseCase.go:45.8,47.3 1 0
github.com/doanvuduy170921/quick-link/internal/mocks/mock_UseCase.go:49.2,49.15 1 0
github.com/doanvuduy170921/quick-link/internal/mocks/mock_UseCase.go:60.109,62.2 1 0
github.com/doanvuduy170921/quick-link/internal/mocks/mock_UseCase.go:64.118,65.40 1 0
github.com/doanvuduy170921/quick-link/internal/mocks/mock_UseCase.go:65.40,67.3 1 0
github.com/doanvuduy170921/quick-link/internal/mocks/mock_UseCase.go:68.2,68.11 1 0
github.com/doanvuduy170921/quick-link/internal/mocks/mock_UseCase.go:71.101,74.2 2 0
github.com/doanvuduy170921/quick-link/internal/mocks/mock_UseCase.go:76.135,79.2 2 0
github.com/doanvuduy170921/quick-link/internal/mocks/mock_UseCase.go:82.83,85.19 2 0
github.com/doanvuduy170921/quick-link/internal/mocks/mock_UseCase.go:85.19,86.50 1 0
github.com/doanvuduy170921/quick-link/internal/mocks/mock_UseCase.go:89.2,91.78 3 0
github.com/doanvuduy170921/quick-link/internal/mocks/mock_UseCase.go:91.78,93.3 1 0
github.com/doanvuduy170921/quick-link/internal/mocks/mock_UseCase.go:94.2,94.69 1 0
github.com/doanvuduy170921/quick-link/internal/mocks/mock_UseCase.go:94.69,96.3 1 0
github.com/doanvuduy170921/quick-link/internal/mocks/mock_UseCase.go:96.8,98.3 1 0
github.com/doanvuduy170921/quick-link/internal/mocks/mock_UseCase.go:100.2,100.68 1 0
github.com/doanvuduy170921/quick-link/internal/mocks/mock_UseCase.go:100.68,102.3 1 0
github.com/doanvuduy170921/quick-link/internal/mocks/mock_UseCase.go:102.8,104.3 1 0
github.com/doanvuduy170921/quick-link/internal/mocks/mock_UseCase.go:106.2,106.15 1 0
github.com/doanvuduy170921/quick-link/internal/mocks/mock_UseCase.go:117.104,119.2 1 0
github.com/doanvuduy170921/quick-link/internal/mocks/mock_UseCase.go:121.113,122.40 1 0
github.com/doanvuduy170921/quick-link/internal/mocks/mock_UseCase.go:122.40,124.3 1 0
github.com/doanvuduy170921/quick-link/internal/mocks/mock_UseCase.go:125.2,125.11 1 0
github.com/doanvuduy170921/quick-link/internal/mocks/mock_UseCase.go:128.95,131.2 2 0
github.com/doanvuduy170921/quick-link/internal/mocks/mock_UseCase.go:133.129,136.2 2 0
github.com/doanvuduy170921/quick-link/internal/mocks/mock_UseCase.go:143.17,147.19 3 0
github.com/doanvuduy170921/quick-link/internal/mocks/mock_UseCase.go:147.19,147.49 1 0
github.com/doanvuduy170921/quick-link/internal/mocks/mock_UseCase.go:149.2,149.13 1 0
github.com/doanvuduy170921/quick-link/internal/infrastructure/redis.go:21.58,33.2 2 0
github.com/doanvuduy170921/quick-link/internal/infrastructure/redis.go:35.76,37.2 1 0
github.com/doanvuduy170921/quick-link/internal/infrastructure/redis.go:39.111,41.2 1 0
github.com/doanvuduy170921/quick-link/internal/infrastructure/redis.go:43.55,45.2 1 0
github.com/doanvuduy170921/quick-link/internal/infrastructure/redis.go:47.37,49.2 1 0
